commit e324c324df48a76113ad9b3c0887f161324046e4
Author: Rollcloud <Rollcloud@users.noreply.github.com>
Date:   Sat Oct 17 17:30:25 2020 +0200

    feat (readme): specify expected message format

commit 7b4e7e657f9e3f2f4033cc5f47bcc637f5799fe9
Author: Rollcloud <Rollcloud@users.noreply.github.com>
Date:   Sat Oct 17 15:00:48 2020 +0200

    fix (readme): add inspiration

commit f60445bba0ac48e12ce6be5526644037234ae500
Author: Rollcloud <Rollcloud@users.noreply.github.com>
Date:   Sat Oct 17 15:00:31 2020 +0200

    docs (readme): add badges

commit 9e57ba91f54244af913931c017480a39605c15f9
Author: Rollcloud <Rollcloud@users.noreply.github.com>
Date:   Sat Oct 17 13:55:04 2020 +0200

    build(actions): create python-app.yml for github actions

    Setup Python 3.6 on ubuntu-latest
    Install pipenv and dependencies
    Test

commit 4094d22846daea951c4fe0d74abb2a798e9a3404
Author: Rollcloud <Rollcloud@users.noreply.github.com>
Date:   Sat Oct 17 13:19:28 2020 +0200

    Initial commit
